
> kwacha-finance@0.1.0 start /app
> react-scripts start

(node:77958) [DEP_WEBPACK_DEV_SERVER_ON_AFTER_SETUP_MIDDLEWARE] DeprecationWarning: 'onAfterSetupMiddleware' option is deprecated. Please use the 'setupMiddlewares' option.
(Use `node --trace-deprecation ...` to show where the warning was created)
(node:77958) [DEP_WEBPACK_DEV_SERVER_ON_BEFORE_SETUP_MIDDLEWARE] DeprecationWarning: 'onBeforeSetupMiddleware' option is deprecated. Please use the 'setupMiddlewares' option.
Starting the development server...

Compiled with warnings.

[eslint]
src/components/Sidebar.js
  Line 47:6:  React Hook useEffect has a missing dependency: 'fetchBadges'. Either include it or remove the dependency array  react-hooks/exhaustive-deps

src/pages/Applications.js
  Line 9:9:  'navigate' is assigned a value but never used  no-unused-vars

src/pages/ClientProfile.js
  Line 57:37:  React Hook useEffect has a missing dependency: 'fetchData'. Either include it or remove the dependency array  react-hooks/exhaustive-deps

src/pages/Dashboard.js
  Line 58:6:  React Hook useEffect has a missing dependency: 'fetchStats'. Either include it or remove the dependency array  react-hooks/exhaustive-deps

src/pages/Loans.js
  Line 9:9:  'navigate' is assigned a value but never used  no-unused-vars

src/pages/Payments.js
  Line 9:9:  'navigate' is assigned a value but never used  no-unused-vars

src/pages/Reports.js
  Line 9:9:    'navigate' is assigned a value but never used                                                                 no-unused-vars
  Line 64:37:  React Hook useEffect has a missing dependency: 'fetchData'. Either include it or remove the dependency array  react-hooks/exhaustive-deps

Search for the keywords to learn more about each warning.
To ignore, add // eslint-disable-next-line to the line before.

WARNING in [eslint]
src/components/Sidebar.js
  Line 47:6:  React Hook useEffect has a missing dependency: 'fetchBadges'. Either include it or remove the dependency array  react-hooks/exhaustive-deps

src/pages/Applications.js
  Line 9:9:  'navigate' is assigned a value but never used  no-unused-vars

src/pages/ClientProfile.js
  Line 57:37:  React Hook useEffect has a missing dependency: 'fetchData'. Either include it or remove the dependency array  react-hooks/exhaustive-deps

src/pages/Dashboard.js
  Line 58:6:  React Hook useEffect has a missing dependency: 'fetchStats'. Either include it or remove the dependency array  react-hooks/exhaustive-deps

src/pages/Loans.js
  Line 9:9:  'navigate' is assigned a value but never used  no-unused-vars

src/pages/Payments.js
  Line 9:9:  'navigate' is assigned a value but never used  no-unused-vars

src/pages/Reports.js
  Line 9:9:    'navigate' is assigned a value but never used                                                                 no-unused-vars
  Line 64:37:  React Hook useEffect has a missing dependency: 'fetchData'. Either include it or remove the dependency array  react-hooks/exhaustive-deps

webpack compiled with 1 warning
